// Jest Snapshot v1, https://goo.gl/fbAQLP

exports[`EditExpense Default snapshot testCase 1`] = `
<div>
  <ExpenseForm
    expense={
      Object {
        "amount": 10,
        "createdAt": -345600000,
        "description": "Microsoft",
        "id": 1,
        "note": "OS company",
      }
    }
    onSubmit={[Function]}
  />
  <button
    onClick={[Function]}
  >
    remove
  </button>
</div>
`;
